// Jest Snapshot v1, https://goo.gl/fbAQLP

exports[`SiteFooter matches snapshot when mounted 1`] = `
<footer
  class="footer"
>
  <!---->
   
  <nuxt-img-stub
    alt=""
    class="footer__logo"
    src="~assets/images/j-icon.svg"
  />
   
  <ul
    class="footer__quick-links"
  >
    <li>
      <nuxt-link-stub
        to="/"
      >
        
        Home
      
      </nuxt-link-stub>
    </li>
    <li>
      <nuxt-link-stub
        to="/projects"
      >
        
        Projects
      
      </nuxt-link-stub>
    </li>
    <li>
      <nuxt-link-stub
        to="/blog"
      >
        
        Blog
      
      </nuxt-link-stub>
    </li>
    <li>
      <nuxt-link-stub
        to="/products/level-up-your-career-today-developer-edition"
      >
        
        Book
      
      </nuxt-link-stub>
    </li>
  </ul>
   
  <ul
    class="footer__social"
  >
    <li>
      <a
        href="https://twitter.com/jackdomleo7"
        rel="noopener noreferrer"
        target="_blank"
      >
        <svg-icon-stub
          name="twitter"
        />
         
        <span
          class="sr-only"
        >
          Twitter
        </span>
      </a>
    </li>
    <li>
      <a
        href="https://linkedin.com/in/jackdomleo7/"
        rel="noopener noreferrer"
        target="_blank"
      >
        <svg-icon-stub
          name="linkedin"
        />
         
        <span
          class="sr-only"
        >
          LinkedIn
        </span>
      </a>
    </li>
    <li>
      <a
        href="https://github.com/jackdomleo7"
        rel="noopener noreferrer"
        target="_blank"
      >
        <svg-icon-stub
          name="github"
        />
         
        <span
          class="sr-only"
        >
          GitHub
        </span>
      </a>
    </li>
    <li>
      <a
        href="https://codepen.io/jackdomleo7"
        rel="noopener noreferrer"
        target="_blank"
      >
        <svg-icon-stub
          name="codepen"
        />
         
        <span
          class="sr-only"
        >
          CodePen
        </span>
      </a>
    </li>
  </ul>
   
  <p
    class="footer__legal"
  >
    
    ©2022
    <br
      class="footer__legal-br"
    />
     All rights reserved.
    <br
      class="footer__legal-br"
    />
     Jack Domleo
  
  </p>
</footer>
`;

exports[`SiteFooter matches snapshot when shallow mounted 1`] = `
<footer
  class="footer"
>
  <!---->
   
  <nuxt-img-stub
    alt=""
    class="footer__logo"
    src="~assets/images/j-icon.svg"
  />
   
  <ul
    class="footer__quick-links"
  >
    <li>
      <nuxt-link-stub
        to="/"
      >
        
        Home
      
      </nuxt-link-stub>
    </li>
    <li>
      <nuxt-link-stub
        to="/projects"
      >
        
        Projects
      
      </nuxt-link-stub>
    </li>
    <li>
      <nuxt-link-stub
        to="/blog"
      >
        
        Blog
      
      </nuxt-link-stub>
    </li>
    <li>
      <nuxt-link-stub
        to="/products/level-up-your-career-today-developer-edition"
      >
        
        Book
      
      </nuxt-link-stub>
    </li>
  </ul>
   
  <ul
    class="footer__social"
  >
    <li>
      <a
        href="https://twitter.com/jackdomleo7"
        rel="noopener noreferrer"
        target="_blank"
      >
        <svg-icon-stub
          name="twitter"
        />
         
        <span
          class="sr-only"
        >
          Twitter
        </span>
      </a>
    </li>
    <li>
      <a
        href="https://linkedin.com/in/jackdomleo7/"
        rel="noopener noreferrer"
        target="_blank"
      >
        <svg-icon-stub
          name="linkedin"
        />
         
        <span
          class="sr-only"
        >
          LinkedIn
        </span>
      </a>
    </li>
    <li>
      <a
        href="https://github.com/jackdomleo7"
        rel="noopener noreferrer"
        target="_blank"
      >
        <svg-icon-stub
          name="github"
        />
         
        <span
          class="sr-only"
        >
          GitHub
        </span>
      </a>
    </li>
    <li>
      <a
        href="https://codepen.io/jackdomleo7"
        rel="noopener noreferrer"
        target="_blank"
      >
        <svg-icon-stub
          name="codepen"
        />
         
        <span
          class="sr-only"
        >
          CodePen
        </span>
      </a>
    </li>
  </ul>
   
  <p
    class="footer__legal"
  >
    
    ©2022
    <br
      class="footer__legal-br"
    />
     All rights reserved.
    <br
      class="footer__legal-br"
    />
     Jack Domleo
  
  </p>
</footer>
`;
