// Jest Snapshot v1, https://goo.gl/fbAQLP

exports[`ArticleCard matches snapshot when mounted 1`] = `
<nuxt-link-stub
  class="article-card"
  to="/blog/blog/2020/some-cool-article"
>
  <nuxt-img-stub
    alt="A really cool thing"
    class="article-card__img"
    height="210"
    loading="lazy"
    src="/something-cool.png"
    width="500"
  />
   
  <div
    class="article-card__info"
  >
    <ul
      class="article-card__tags"
    >
      <li
        class="tag--inverted"
      >
        
        frontend
      
      </li>
      <li
        class="tag--inverted"
      >
        
        a11y
      
      </li>
    </ul>
     
    <h3
      class="article-card__heading"
    >
      
      Some article about something cool
    
    </h3>
     
    <p
      class="article-card__description"
    >
      
      This is some really interesting article about something seriously friggin cool!
    
    </p>
     
    <div
      class="article-card__meta"
    >
      <time
        datetime="2020-01-01"
      >
        January 1, 2020
      </time>
       
      <p>
        6 min read
      </p>
    </div>
  </div>
</nuxt-link-stub>
`;

exports[`ArticleCard matches snapshot when shallow mounted 1`] = `
<nuxt-link-stub
  class="article-card"
  to="/blog/blog/2020/some-cool-article"
>
  <nuxt-img-stub
    alt="A really cool thing"
    class="article-card__img"
    height="210"
    loading="lazy"
    src="/something-cool.png"
    width="500"
  />
   
  <div
    class="article-card__info"
  >
    <ul
      class="article-card__tags"
    >
      <li
        class="tag--inverted"
      >
        
        frontend
      
      </li>
      <li
        class="tag--inverted"
      >
        
        a11y
      
      </li>
    </ul>
     
    <h3
      class="article-card__heading"
    >
      
      Some article about something cool
    
    </h3>
     
    <p
      class="article-card__description"
    >
      
      This is some really interesting article about something seriously friggin cool!
    
    </p>
     
    <div
      class="article-card__meta"
    >
      <time
        datetime="2020-01-01"
      >
        January 1, 2020
      </time>
       
      <p>
        6 min read
      </p>
    </div>
  </div>
</nuxt-link-stub>
`;
