// Jest Snapshot v1, https://goo.gl/fbAQLP

exports[`Codepen matches snapshot when mounted 1`] = `
<p
  class="codepen"
  data-default-tab="result"
  data-pen-title="Custom car colour preview"
  data-preview="false"
  data-slug-hash="wvoYjNP"
  data-theme-id="39164"
  data-user="jackdomleo7"
>
  <span>
    See the Pen 
    <a
      href="https://codepen.io/jackdomleo7/pen/wvoYjNP"
    >
      
    Custom car colour preview
    </a>
     by 
    <a
      href="https://codepen.io/jackdomleo7"
    >
      @jackdomleo7
    </a>
    
    on 
    <a
      href="https://codepen.io"
    >
      CodePen
    </a>
    .
  </span>
</p>
`;

exports[`Codepen matches snapshot when shallow mounted 1`] = `
<p
  class="codepen"
  data-default-tab="result"
  data-pen-title="Custom car colour preview"
  data-preview="false"
  data-slug-hash="wvoYjNP"
  data-theme-id="39164"
  data-user="jackdomleo7"
>
  <span>
    See the Pen 
    <a
      href="https://codepen.io/jackdomleo7/pen/wvoYjNP"
    >
      
    Custom car colour preview
    </a>
     by 
    <a
      href="https://codepen.io/jackdomleo7"
    >
      @jackdomleo7
    </a>
    
    on 
    <a
      href="https://codepen.io"
    >
      CodePen
    </a>
    .
  </span>
</p>
`;
