// Jest Snapshot v1, https://goo.gl/fbAQLP

exports[`TextInput matches snapshot when mounted 1`] = `
<div
  class="text-input"
>
  <label
    class="text-input__label"
    for="newsletter"
  >
    
    Newsletter
    
    <!---->
  </label>
   
  <p
    class="text-input__help"
  >
    
    
  
  </p>
   
  <span
    class="text-input__entry"
  >
    <input
      aria-invalid="false"
      id="newsletter"
      type="text"
    />
  </span>
   
  <p
    aria-hidden="true"
    class="text-input__error"
    id="newsletter--error"
  >
    
    
  
  </p>
</div>
`;

exports[`TextInput matches snapshot when shallow mounted 1`] = `
<div
  class="text-input"
>
  <label
    class="text-input__label"
    for="newsletter"
  >
    
    Newsletter
    
    <!---->
  </label>
   
  <p
    class="text-input__help"
  >
    
    
  
  </p>
   
  <span
    class="text-input__entry"
  >
    <input
      aria-invalid="false"
      id="newsletter"
      type="text"
    />
  </span>
   
  <p
    aria-hidden="true"
    class="text-input__error"
    id="newsletter--error"
  >
    
    
  
  </p>
</div>
`;
